=======================================================
[+] AcaciaFund -- start: 2026-05-26 15:44:38 UTC
=======================================================
[+] Pobrano 1000 stories z HN
[+] AML=55, STOCK=141, SCIENCE=44, unclassified=760
[+] Pobieranie z arXiv API...
[-] Retry 1/3 za 2s: HTTP Error 429: Unknown Error
[-] Retry 2/3 za 4s: The read operation timed out
[-] Błąd po 3 próbach: HTTP Error 429: Unknown Error
[+] Pobrano 0 pasujacych prac z arXiv
[+] Pobieranie z PubMed...
[+] Pobrano 50 pasujacych prac z PubMed
[+]   -> science [PubMed]: Mitochondria and Liver Cancer.
[+]   -> science [PubMed]: Progression without progress.
[+]   -> stock [PubMed]: A metabolism-specific drug-repurposing screen reve
[+]   -> science [PubMed]: Trafficking of protein kinases to mitochondria: Im
[+]   -> science [PubMed]: Emergent HIV-1 Drug Resistance in Randomized Trial
[+]   -> science [PubMed]: Telomere recapping prevents pathogenic telomere-to
[+]   -> science [PubMed]: Transglutaminase and its role in Alzheimer's disea
[+]   -> science [PubMed]: Unifying concepts in information-theoretic time-se
[+]   -> science [PubMed]: Pan-cancer analysis of spatial transcriptomics rev
[+]   -> science [PubMed]: Virtual Reality and Gamification for Assessing Tec
[+]   -> science [PubMed]: Vascular Contributions to Cognitive Impairment and
[+]   -> science [PubMed]: Effects of Semaglutide on Cognitive Function in Pe
[+]   -> science [PubMed]: Reliable resting-state EEG connectivity measures r
[+]   -> science [PubMed]: Simo Tang mitigates mitochondria-dependent apoptos
[+]   -> science [PubMed]: Beyond language: A structured profile of number pr
[+]   -> science [PubMed]: The potential of processed EEG monitoring systems 
[+]   -> science [PubMed]: Leisure Activity Engagement, Spirituality, and Cog
[+]   -> science [PubMed]: Critique, critical theory and systems theory in th
[+]   -> aml [PubMed]: Association between serum cotinine levels and cogn
[+]   -> science [PubMed]: Bottom-Up Coacervate-Based Artificial Cells: Integ
[+]   -> science [PubMed]: Copper and cuproptosis: From homeostasis to pathog
[+]   -> science [PubMed]: CDK4  and  CDK6  variants in patients with primary
[+]   -> science [PubMed]: On the (limited) use of touchscreen-based behaviou
[+]   -> science [PubMed]: Mitochondria-Targeted Metal Polyphenol Networks In
[+]   -> science [PubMed]: Association between hearing aid use and cognitive 
[+]   -> science [PubMed]: WayFindR: investigating feedback in biological pat
[+]   -> science [PubMed]: Reproductive Factors, Lifestyle Behaviours and Cog
[+]   -> science [PubMed]: Emergent Nonlinearity in Active Molecular Chemotax
[+]   -> science [PubMed]: Neurobiological links between Alzheimer's disease 
[+]   -> science [PubMed]: Integrating GIS and local knowledge for optimised 
[+]   -> science [PubMed]: Mitochondrial Dynamics and Transfer in Mesenchymal
[+]   -> science [PubMed]: Spatiotemporal control of PIWI compartmentalizatio
[+]   -> science [PubMed]: Mitoredox Shifts in Mitochondrial Dysfunction.
[+]   -> stock [PubMed]: Systemic inflammation mediates the link between ca
[+]   -> science [PubMed]: Associations of Brain Morphology and Cognitive Fun
[+]   -> stock [PubMed]: Automating collateral histories in dementia: Devel
[+]   -> science [PubMed]: Myeloid Mas drives pyruvate kinase M2-mediated Spi
[+]   -> stock [PubMed]: Sugar reduction in complex food systems: linking m
[+]   -> stock [PubMed]: Democratising health and social care research thro
[+]   -> science [PubMed]: Gray Matter Microstructure Measured Using Diffusio
[+]   -> science [PubMed]: Quantifying plasticity: A network-based framework 
[+]   -> stock [PubMed]: Military Mild Traumatic Brain Injury Predicts Grea
[+]   -> stock [PubMed]: Bone as an endocrine regulator of lipid and energy
[+]   -> science [PubMed]: Advances in schizophrenia research and treatment: 
[+]   -> science [PubMed]: Cannabinoids and cognition in Parkinson's disease:
[+]   -> science [PubMed]: Ghrelin Ameliorates Alzheimer's Disease-Associated
[+]   -> science [PubMed]: Inhibition of return mediates the relationship bet
[+]   -> science [PubMed]: A Bayesian Network Analysis of Gait Speed Change U
[+]   -> science [PubMed]: Gender stereotypes and the construction of self-be
[+]   -> science [PubMed]: Impact and management of cognition on speech and s
[+] Post juz istnieje: 2026-05-26-aml dla aml -- pomijam
[+] Post juz istnieje: 2026-05-26-stock dla stock -- pomijam
[+] Post juz istnieje: 2026-05-26-science dla science -- pomijam
=======================================================
[+] Koniec potoku. Wygenerowano 0 postow.
=======================================================
=======================================================
[+] AcaciaFund -- start: 2026-05-26 15:48:58 UTC
=======================================================
[+] Pobrano 1000 stories z HN
[+] AML=58, STOCK=139, SCIENCE=44, unclassified=759
[+] Pobieranie z arXiv API...
[-] Retry 1/3 za 2s: HTTP Error 429: Unknown Error
[-] Retry 2/3 za 4s: HTTP Error 429: Unknown Error
[-] Błąd po 3 próbach: HTTP Error 429: Unknown Error
[+] Pobrano 0 pasujacych prac z arXiv
[+] Pobieranie z PubMed...
[+] Pobrano 50 pasujacych prac z PubMed
[+]   -> science [PubMed]: Mitochondria and Liver Cancer.
[+]   -> science [PubMed]: Progression without progress.
[+]   -> stock [PubMed]: A metabolism-specific drug-repurposing screen reve
[+]   -> science [PubMed]: Trafficking of protein kinases to mitochondria: Im
[+]   -> science [PubMed]: Emergent HIV-1 Drug Resistance in Randomized Trial
[+]   -> science [PubMed]: Telomere recapping prevents pathogenic telomere-to
[+]   -> science [PubMed]: Transglutaminase and its role in Alzheimer's disea
[+]   -> science [PubMed]: Unifying concepts in information-theoretic time-se
[+]   -> science [PubMed]: Pan-cancer analysis of spatial transcriptomics rev
[+]   -> science [PubMed]: Virtual Reality and Gamification for Assessing Tec
[+]   -> science [PubMed]: Vascular Contributions to Cognitive Impairment and
[+]   -> science [PubMed]: Effects of Semaglutide on Cognitive Function in Pe
[+]   -> science [PubMed]: Reliable resting-state EEG connectivity measures r
[+]   -> science [PubMed]: Simo Tang mitigates mitochondria-dependent apoptos
[+]   -> science [PubMed]: Beyond language: A structured profile of number pr
[+]   -> science [PubMed]: The potential of processed EEG monitoring systems 
[+]   -> science [PubMed]: Leisure Activity Engagement, Spirituality, and Cog
[+]   -> science [PubMed]: Critique, critical theory and systems theory in th
[+]   -> aml [PubMed]: Association between serum cotinine levels and cogn
[+]   -> science [PubMed]: Copper and cuproptosis: From homeostasis to pathog
[+]   -> science [PubMed]: CDK4  and  CDK6  variants in patients with primary
[+]   -> science [PubMed]: On the (limited) use of touchscreen-based behaviou
[+]   -> stock [PubMed]: Automating collateral histories in dementia: Devel
[+]   -> science [PubMed]: Association between hearing aid use and cognitive 
[+]   -> science [PubMed]: WayFindR: investigating feedback in biological pat
[+]   -> science [PubMed]: Reproductive Factors, Lifestyle Behaviours and Cog
[+]   -> science [PubMed]: Emergent Nonlinearity in Active Molecular Chemotax
[+]   -> science [PubMed]: Neurobiological links between Alzheimer's disease 
[+]   -> science [PubMed]: Mitochondria-Targeted Metal Polyphenol Networks In
[+]   -> science [PubMed]: Integrating GIS and local knowledge for optimised 
[+]   -> science [PubMed]: Mitochondrial Dynamics and Transfer in Mesenchymal
[+]   -> science [PubMed]: Spatiotemporal control of PIWI compartmentalizatio
[+]   -> science [PubMed]: Mitoredox Shifts in Mitochondrial Dysfunction.
[+]   -> stock [PubMed]: Systemic inflammation mediates the link between ca
[+]   -> science [PubMed]: Associations of Brain Morphology and Cognitive Fun
[+]   -> science [PubMed]: Myeloid Mas drives pyruvate kinase M2-mediated Spi
[+]   -> stock [PubMed]: Sugar reduction in complex food systems: linking m
[+]   -> stock [PubMed]: Democratising health and social care research thro
[+]   -> science [PubMed]: Gray Matter Microstructure Measured Using Diffusio
[+]   -> science [PubMed]: Quantifying plasticity: A network-based framework 
[+]   -> stock [PubMed]: Military Mild Traumatic Brain Injury Predicts Grea
[+]   -> stock [PubMed]: Bone as an endocrine regulator of lipid and energy
[+]   -> science [PubMed]: Advances in schizophrenia research and treatment: 
[+]   -> science [PubMed]: Cannabinoids and cognition in Parkinson's disease:
[+]   -> science [PubMed]: Ghrelin Ameliorates Alzheimer's Disease-Associated
[+]   -> science [PubMed]: Inhibition of return mediates the relationship bet
[+]   -> science [PubMed]: A holistic perspective on noninvasive brain-comput
[+]   -> science [PubMed]: Gender stereotypes and the construction of self-be
[+]   -> science [PubMed]: Impact and management of cognition on speech and s
[+]   -> science [PubMed]: Emerging Roles of Photoredox Catalysis in Biomedic
[+] Wizualizacje (bundle): /root/projekty/test-ai/acaciafund/content/pl/blog/2026-05-26-aml/thumb_9c62161fe605.svg, og_18e2955fbb5f.svg
[+] Wygenerowano: content/pl/blog/2026-05-26-aml/index.md (26 linkow, SQI=0.511)
[+] Wizualizacje (bundle): /root/projekty/test-ai/acaciafund/content/pl/blog/2026-05-26-stock/thumb_cc119e657594.svg, og_66f76391d4f0.svg
[+] Wygenerowano: content/pl/blog/2026-05-26-stock/index.md (30 linkow, SQI=0.559)
[+] Wizualizacje (bundle): /root/projekty/test-ai/acaciafund/content/pl/blog/2026-05-26-science/thumb_a80b459d780d.svg, og_9e7962475ae5.svg
[+] Wygenerowano: content/pl/blog/2026-05-26-science/index.md (30 linkow, SQI=0.506)
=======================================================
[+] Koniec potoku. Wygenerowano 3 postow.
=======================================================
